Status: 200
Response: {'id': '183b5492-9b65-4e22-8360-330b7911c3d8', 'email': 'test@example.com', 'name': 'テスト部長', 'picture': 'http://example.com/pic.jpg', 'role': 'client', 'created_at': '2026-02-20T22:32:45.298134'}
Companies for 183b5492-9b65-4e22-8360-330b7911c3d8: [{'corporate_number': '1010101010101', 'legal_name': '株式会社テクノフロンティア', 'trade_name': 'テクノフロンティア', 'head_office_address': '東京都大田区本羽田2-10-5', 'head_office_prefecture': '13', 'establishment_date': '2015-06-01', 'capital_stock': 50000000.0, 'industry_code': '2599', 'user_id': '183b5492-9b65-4e22-8360-330b7911c3d8', 'executives': [{'name': '佐藤健一', 'title': '代表取締役', 'birthdate': None}], 'shareholders': [{'name': '佐藤健一', 'type': 'individual', 'ratio': 0.8}, {'name': '佐藤美由紀', 'type': 'individual', 'ratio': 0.2}], 'id': 'demo-company-tech-001', 'created_at': '2026-02-23T11:32:34.373548', 'updated_at': '2026-02-23T11:32:34.373548'}, {'corporate_number': '2020202020202', 'legal_name': '合同会社カフェ・ド・テスト', 'trade_name': 'カフェ・ド・テスト', 'head_office_address': '東京都世田谷区北沢2-5-1', 'head_office_prefecture': '13', 'establishment_date': '2021-10-15', 'capital_stock': 3000000.0, 'industry_code': '5811', 'user_id': '183b5492-9b65-4e22-8360-330b7911c3d8', 'executives': [{'name': '田中愛子', 'title': '代表社員', 'birthdate': None}], 'shareholders': [{'name': '田中愛子', 'type': 'individual', 'ratio': 1.0}], 'id': 'demo-company-cafe-002', 'created_at': '2026-02-23T11:32:34.373548', 'updated_at': '2026-02-23T11:32:34.373548'}, {'corporate_number': '3030303030303', 'legal_name': '未来AIソリューションズ株式会社', 'trade_name': '未来AI', 'head_office_address': '東京都千代田区大手町1-1-1', 'head_office_prefecture': '13', 'establishment_date': '2023-01-10', 'capital_stock': 100000000.0, 'industry_code': '3911', 'user_id': '183b5492-9b65-4e22-8360-330b7911c3d8', 'executives': [{'name': '鈴木一郎', 'title': '代表取締役CEO', 'birthdate': None}], 'shareholders': [{'name': '鈴木一郎', 'type': 'individual', 'ratio': 0.6}, {'name': '未来ベンチャーキャピタル', 'type': 'corporate', 'ratio': 0.4}], 'id': 'demo-company-startup-003', 'created_at': '2026-02-23T11:32:34.373548', 'updated_at': '2026-02-23T11:32:34.373548'}]
